#-----------------------------------------------------------
# Vivado v2024.1 (64-bit)
# SW Build 5076996 on Wed May 22 18:37:14 MDT 2024
# IP Build 5075265 on Wed May 22 21:45:21 MDT 2024
# SharedData Build 5076995 on Wed May 22 18:29:18 MDT 2024
# Start of session at: Tue Apr 21 15:12:55 2026
# Process ID: 28020
# Current directory: C:/Users/11545/Desktop/Zynq CPU/Pipelined_CPU_With_Cache/Pipelined_CPU_With_Cache.runs/synth_1
# Command line: vivado.exe -log SoC_Top.vds -product Vivado -mode batch -messageDb vivado.pb -notrace -source SoC_Top.tcl
# Log file: C:/Users/11545/Desktop/Zynq CPU/Pipelined_CPU_With_Cache/Pipelined_CPU_With_Cache.runs/synth_1/SoC_Top.vds
# Journal file: C:/Users/11545/Desktop/Zynq CPU/Pipelined_CPU_With_Cache/Pipelined_CPU_With_Cache.runs/synth_1\vivado.jou
# Running On        :cdy
# Platform          :Windows Server 2016 or Windows 10
# Operating System  :26200
# Processor Detail  :13th Gen Intel(R) Core(TM) i9-13900HX
# CPU Frequency     :2419 MHz
# CPU Physical cores:24
# CPU Logical cores :32
# Host memory       :16858 MB
# Swap memory       :6442 MB
# Total Virtual     :23300 MB
# Available Virtual :7009 MB
#-----------------------------------------------------------
source SoC_Top.tcl -notrace
