Copyright 1986-2022 Xilinx, Inc. All Rights Reserved. Copyright 2022-2024 Advanced Micro Devices, Inc. All Rights Reserved.
---------------------------------------------------------------------------------------------------------------------------------------------
| Tool Version : Vivado v.2024.1 (win64) Build 5076996 Wed May 22 18:37:14 MDT 2024
| Date         : Tue Apr 21 15:18:10 2026
| Host         : cdy running 64-bit major release  (build 9200)
| Command      : report_control_sets -verbose -file SoC_Top_control_sets_placed.rpt
| Design       : SoC_Top
| Device       : xc7z020
---------------------------------------------------------------------------------------------------------------------------------------------

Control Set Information

Table of Contents
-----------------
1. Summary
2. Histogram
3. Flip-Flop Distribution
4. Detailed Control Set Information

1. Summary
----------

+----------------------------------------------------------+-------+
|                          Status                          | Count |
+----------------------------------------------------------+-------+
| Total control sets                                       |    66 |
|    Minimum number of control sets                        |    66 |
|    Addition due to synthesis replication                 |     0 |
|    Addition due to physical synthesis replication        |     0 |
| Unused register locations in slices containing registers |   123 |
+----------------------------------------------------------+-------+
* Control sets can be merged at opt_design using control_set_merge or merge_equivalent_drivers
** Run report_qor_suggestions for automated merging and remapping suggestions


2. Histogram
------------

+--------------------+-------+
|       Fanout       | Count |
+--------------------+-------+
| Total control sets |    66 |
| >= 0 to < 4        |     1 |
| >= 4 to < 6        |     6 |
| >= 6 to < 8        |     1 |
| >= 8 to < 10       |     1 |
| >= 10 to < 12      |     8 |
| >= 12 to < 14      |     3 |
| >= 14 to < 16      |     0 |
| >= 16              |    46 |
+--------------------+-------+
* Control sets can be remapped at either synth_design or opt_design


3. Flip-Flop Distribution
-------------------------

+--------------+-----------------------+------------------------+-----------------+--------------+
| Clock Enable | Synchronous Set/Reset | Asynchronous Set/Reset | Total Registers | Total Slices |
+--------------+-----------------------+------------------------+-----------------+--------------+
| No           | No                    | No                     |              36 |           12 |
| No           | No                    | Yes                    |            3133 |          815 |
| No           | Yes                   | No                     |              17 |            8 |
| Yes          | No                    | No                     |              30 |            6 |
| Yes          | No                    | Yes                    |            1972 |          974 |
| Yes          | Yes                   | No                     |              89 |           28 |
+--------------+-----------------------+------------------------+-----------------+--------------+


4. Detailed Control Set Information
-----------------------------------

+-------------------------------------------------+----------------------------------------------------------------------------------------------------------------------------------------------------------------------------------------------------------------------------------------------------------------+---------------------------------------------------------------------------------------------------------------------------------------------------------------------------------------------------------------------------------------------------------------------------------+------------------+----------------+--------------+
|                   Clock Signal                  |                                                                                                                          Enable Signal                                                                                                                         |                                                                                                                                 Set/Reset Signal                                                                                                                                | Slice Load Count | Bel Load Count | Bels / Slice |
+-------------------------------------------------+----------------------------------------------------------------------------------------------------------------------------------------------------------------------------------------------------------------------------------------------------------------+---------------------------------------------------------------------------------------------------------------------------------------------------------------------------------------------------------------------------------------------------------------------------------+------------------+----------------+--------------+
|  u_zynq_soc/processing_system7_0/inst/FCLK_CLK0 | u_zynq_soc/axi_interconnect_0/s00_couplers/auto_pc/inst/gen_axi4_axi3.axi3_conv_inst/USE_READ.USE_SPLIT_R.read_addr_inst/USE_R_CHANNEL.cmd_queue/inst/fifo_gen_inst/inst_fifo_gen/gconvfifo.rf/grf.rf/gntv_or_sync_fifo.gl0.wr/gwss.wsts/E[0]                  |                                                                                                                                                                                                                                                                                 |                1 |              2 |         2.00 |
|  u_zynq_soc/processing_system7_0/inst/FCLK_CLK0 |                                                                                                                                                                                                                                                                | u_zynq_soc/proc_sys_reset_0/U0/EXT_LPF/lpf_int                                                                                                                                                                                                                                  |                1 |              4 |         4.00 |
|  u_zynq_soc/processing_system7_0/inst/FCLK_CLK0 | u_zynq_soc/axi_interconnect_0/s00_couplers/auto_pc/inst/gen_axi4_axi3.axi3_conv_inst/USE_WRITE.write_addr_inst/USE_B_CHANNEL.cmd_b_queue/inst/pushed_new_cmd                                                                                                   | u_zynq_soc/axi_interconnect_0/s00_couplers/auto_pc/inst/gen_axi4_axi3.axi3_conv_inst/USE_WRITE.write_addr_inst/pushed_commands[3]_i_1_n_0                                                                                                                                       |                2 |              4 |         2.00 |
|  u_zynq_soc/processing_system7_0/inst/FCLK_CLK0 | u_zynq_soc/axi_interconnect_0/s00_couplers/auto_pc/inst/gen_axi4_axi3.axi3_conv_inst/USE_READ.USE_SPLIT_R.read_addr_inst/USE_R_CHANNEL.cmd_queue/inst/ram_full_i_reg                                                                                           | u_zynq_soc/axi_interconnect_0/s00_couplers/auto_pc/inst/gen_axi4_axi3.axi3_conv_inst/USE_READ.USE_SPLIT_R.read_addr_inst/pushed_commands[3]_i_1__0_n_0                                                                                                                          |                2 |              4 |         2.00 |
|  u_zynq_soc/processing_system7_0/inst/FCLK_CLK0 | u_zynq_soc/axi_interconnect_0/s00_couplers/auto_pc/inst/gen_axi4_axi3.axi3_conv_inst/USE_WRITE.write_addr_inst/USE_B_CHANNEL.cmd_b_queue/inst/fifo_gen_inst/inst_fifo_gen/gconvfifo.rf/grf.rf/gntv_or_sync_fifo.gl0.rd/gr1.gr1_int.rfwft/E[0]                  |                                                                                                                                                                                                                                                                                 |                1 |              5 |         5.00 |
|  u_zynq_soc/processing_system7_0/inst/FCLK_CLK0 | u_zynq_soc/axi_interconnect_0/s00_couplers/auto_pc/inst/gen_axi4_axi3.axi3_conv_inst/USE_WRITE.USE_SPLIT_W.write_resp_inst/E[0]                                                                                                                                | u_zynq_soc/axi_interconnect_0/s00_couplers/auto_pc/inst/gen_axi4_axi3.axi3_conv_inst/USE_WRITE.write_addr_inst/USE_BURSTS.cmd_queue/inst/SR[0]                                                                                                                                  |                2 |              5 |         2.50 |
|  u_zynq_soc/processing_system7_0/inst/FCLK_CLK0 | u_zynq_soc/axi_interconnect_0/s00_couplers/auto_pc/inst/gen_axi4_axi3.axi3_conv_inst/USE_WRITE.write_addr_inst/USE_B_CHANNEL.cmd_b_queue/inst/fifo_gen_inst/inst_fifo_gen/gconvfifo.rf/grf.rf/rstblk/E[0]                                                      |                                                                                                                                                                                                                                                                                 |                1 |              5 |         5.00 |
|  u_zynq_soc/processing_system7_0/inst/FCLK_CLK0 | u_zynq_soc/proc_sys_reset_0/U0/SEQ/seq_cnt_en                                                                                                                                                                                                                  | u_zynq_soc/proc_sys_reset_0/U0/SEQ/SEQ_COUNTER/clear                                                                                                                                                                                                                            |                1 |              6 |         6.00 |
|  u_zynq_soc/processing_system7_0/inst/FCLK_CLK0 | u_zynq_soc/axi_interconnect_0/s00_couplers/auto_pc/inst/gen_axi4_axi3.axi3_conv_inst/USE_WRITE.write_addr_inst/USE_B_CHANNEL.cmd_b_queue/inst/fifo_gen_inst/inst_fifo_gen/gconvfifo.rf/grf.rf/gntv_or_sync_fifo.gl0.wr/gwss.wsts/E[0]                          |                                                                                                                                                                                                                                                                                 |                1 |              8 |         8.00 |
|  u_zynq_soc/processing_system7_0/inst/FCLK_CLK0 | u_zynq_soc/axi_interconnect_0/s00_couplers/auto_pc/inst/gen_axi4_axi3.axi3_conv_inst/USE_WRITE.write_addr_inst/USE_BURSTS.cmd_queue/inst/fifo_gen_inst/inst_fifo_gen/gconvfifo.rf/grf.rf/gntv_or_sync_fifo.gl0.wr/gwss.wsts/E[0]                               | u_zynq_soc/axi_interconnect_0/s00_couplers/auto_pc/inst/gen_axi4_axi3.axi3_conv_inst/USE_WRITE.write_addr_inst/USE_BURSTS.cmd_queue/inst/fifo_gen_inst/inst_fifo_gen/gconvfifo.rf/grf.rf/rstblk/AR[0]                                                                           |                2 |             10 |         5.00 |
|  u_zynq_soc/processing_system7_0/inst/FCLK_CLK0 | u_zynq_soc/axi_interconnect_0/s00_couplers/auto_pc/inst/gen_axi4_axi3.axi3_conv_inst/USE_WRITE.write_addr_inst/USE_BURSTS.cmd_queue/inst/fifo_gen_inst/inst_fifo_gen/gconvfifo.rf/grf.rf/gntv_or_sync_fifo.gl0.rd/gr1.gr1_int.rfwft/ram_empty_fb_i_reg[0]      | u_zynq_soc/axi_interconnect_0/s00_couplers/auto_pc/inst/gen_axi4_axi3.axi3_conv_inst/USE_WRITE.write_addr_inst/USE_BURSTS.cmd_queue/inst/fifo_gen_inst/inst_fifo_gen/gconvfifo.rf/grf.rf/rstblk/AR[0]                                                                           |                2 |             10 |         5.00 |
|  u_zynq_soc/processing_system7_0/inst/FCLK_CLK0 | u_zynq_soc/axi_interconnect_0/s00_couplers/auto_pc/inst/gen_axi4_axi3.axi3_conv_inst/USE_WRITE.write_addr_inst/USE_BURSTS.cmd_queue/inst/fifo_gen_inst/inst_fifo_gen/gconvfifo.rf/grf.rf/rstblk/E[0]                                                           |                                                                                                                                                                                                                                                                                 |                2 |             10 |         5.00 |
|  u_zynq_soc/processing_system7_0/inst/FCLK_CLK0 | u_zynq_soc/axi_interconnect_0/s00_couplers/auto_pc/inst/gen_axi4_axi3.axi3_conv_inst/USE_WRITE.write_addr_inst/USE_B_CHANNEL.cmd_b_queue/inst/fifo_gen_inst/inst_fifo_gen/gconvfifo.rf/grf.rf/gntv_or_sync_fifo.gl0.rd/gr1.gr1_int.rfwft/ram_empty_fb_i_reg[0] | u_zynq_soc/axi_interconnect_0/s00_couplers/auto_pc/inst/gen_axi4_axi3.axi3_conv_inst/USE_WRITE.write_addr_inst/USE_B_CHANNEL.cmd_b_queue/inst/fifo_gen_inst/inst_fifo_gen/gconvfifo.rf/grf.rf/rstblk/AR[0]                                                                      |                4 |             10 |         2.50 |
|  u_zynq_soc/processing_system7_0/inst/FCLK_CLK0 | u_zynq_soc/axi_interconnect_0/s00_couplers/auto_pc/inst/gen_axi4_axi3.axi3_conv_inst/USE_WRITE.write_addr_inst/USE_B_CHANNEL.cmd_b_queue/inst/fifo_gen_inst/inst_fifo_gen/gconvfifo.rf/grf.rf/gntv_or_sync_fifo.gl0.wr/gwss.wsts/E[0]                          | u_zynq_soc/axi_interconnect_0/s00_couplers/auto_pc/inst/gen_axi4_axi3.axi3_conv_inst/USE_WRITE.write_addr_inst/USE_B_CHANNEL.cmd_b_queue/inst/fifo_gen_inst/inst_fifo_gen/gconvfifo.rf/grf.rf/rstblk/AR[0]                                                                      |                2 |             10 |         5.00 |
|  u_zynq_soc/processing_system7_0/inst/FCLK_CLK0 | u_zynq_soc/axi_interconnect_0/s00_couplers/auto_pc/inst/gen_axi4_axi3.axi3_conv_inst/USE_READ.USE_SPLIT_R.read_addr_inst/USE_R_CHANNEL.cmd_queue/inst/fifo_gen_inst/inst_fifo_gen/gconvfifo.rf/grf.rf/gntv_or_sync_fifo.gl0.rd/gr1.gr1_int.rfwft/E[0]          | u_zynq_soc/axi_interconnect_0/s00_couplers/auto_pc/inst/gen_axi4_axi3.axi3_conv_inst/USE_READ.USE_SPLIT_R.read_addr_inst/USE_R_CHANNEL.cmd_queue/inst/fifo_gen_inst/inst_fifo_gen/gconvfifo.rf/grf.rf/rstblk/ngwrdrst.grst.g7serrst.gnsckt_wrst.gcc_rst.sckt_wr_rst_cc_reg[1]_0 |                2 |             10 |         5.00 |
|  u_zynq_soc/processing_system7_0/inst/FCLK_CLK0 | u_zynq_soc/axi_interconnect_0/s00_couplers/auto_pc/inst/gen_axi4_axi3.axi3_conv_inst/USE_WRITE.write_addr_inst/USE_BURSTS.cmd_queue/inst/fifo_gen_inst/inst_fifo_gen/gconvfifo.rf/grf.rf/gntv_or_sync_fifo.gl0.rd/gr1.gr1_int.rfwft/E[0]                       |                                                                                                                                                                                                                                                                                 |                2 |             10 |         5.00 |
|  u_zynq_soc/processing_system7_0/inst/FCLK_CLK0 | u_zynq_soc/axi_interconnect_0/s00_couplers/auto_pc/inst/gen_axi4_axi3.axi3_conv_inst/USE_READ.USE_SPLIT_R.read_addr_inst/USE_R_CHANNEL.cmd_queue/inst/fifo_gen_inst/inst_fifo_gen/gconvfifo.rf/grf.rf/gntv_or_sync_fifo.gl0.wr/gwss.wsts/E[0]                  | u_zynq_soc/axi_interconnect_0/s00_couplers/auto_pc/inst/gen_axi4_axi3.axi3_conv_inst/USE_READ.USE_SPLIT_R.read_addr_inst/USE_R_CHANNEL.cmd_queue/inst/fifo_gen_inst/inst_fifo_gen/gconvfifo.rf/grf.rf/rstblk/ngwrdrst.grst.g7serrst.gnsckt_wrst.gcc_rst.sckt_wr_rst_cc_reg[1]_0 |                3 |             10 |         3.33 |
|  u_zynq_soc/processing_system7_0/inst/FCLK_CLK0 |                                                                                                                                                                                                                                                                | u_zynq_soc/axi_interconnect_0/s00_couplers/auto_pc/inst/gen_axi4_axi3.axi3_conv_inst/USE_WRITE.write_addr_inst/USE_BURSTS.cmd_queue/inst/fifo_gen_inst/inst_fifo_gen/gconvfifo.rf/grf.rf/rstblk/AR[0]                                                                           |                2 |             12 |         6.00 |
|  u_zynq_soc/processing_system7_0/inst/FCLK_CLK0 |                                                                                                                                                                                                                                                                | u_zynq_soc/axi_interconnect_0/s00_couplers/auto_pc/inst/gen_axi4_axi3.axi3_conv_inst/USE_WRITE.write_addr_inst/USE_B_CHANNEL.cmd_b_queue/inst/fifo_gen_inst/inst_fifo_gen/gconvfifo.rf/grf.rf/rstblk/AR[0]                                                                      |                3 |             12 |         4.00 |
|  u_zynq_soc/processing_system7_0/inst/FCLK_CLK0 |                                                                                                                                                                                                                                                                | u_zynq_soc/axi_interconnect_0/s00_couplers/auto_pc/inst/gen_axi4_axi3.axi3_conv_inst/USE_READ.USE_SPLIT_R.read_addr_inst/USE_R_CHANNEL.cmd_queue/inst/fifo_gen_inst/inst_fifo_gen/gconvfifo.rf/grf.rf/rstblk/ngwrdrst.grst.g7serrst.gnsckt_wrst.gcc_rst.sckt_wr_rst_cc_reg[1]_0 |                3 |             12 |         4.00 |
|  u_zynq_soc/processing_system7_0/inst/FCLK_CLK0 | u_zynq_soc/axi_interconnect_0/s00_couplers/auto_pc/inst/gen_axi4_axi3.axi3_conv_inst/USE_WRITE.write_addr_inst/USE_BURSTS.cmd_queue/inst/fifo_gen_inst/inst_fifo_gen/gconvfifo.rf/grf.rf/gntv_or_sync_fifo.gl0.wr/gwss.wsts/E[0]                               |                                                                                                                                                                                                                                                                                 |                2 |             16 |         8.00 |
|  u_zynq_soc/processing_system7_0/inst/FCLK_CLK0 |                                                                                                                                                                                                                                                                | u_zynq_soc/axi_interconnect_0/s00_couplers/auto_pc/inst/gen_axi4_axi3.axi3_conv_inst/USE_WRITE.write_addr_inst/USE_BURSTS.cmd_queue/inst/SR[0]                                                                                                                                  |               10 |             19 |         1.90 |
|  u_zynq_soc/processing_system7_0/inst/FCLK_CLK0 | u_cpu/u_I_Cache/Tag_cpu_delayed                                                                                                                                                                                                                                | u_cpu/u_D_Cache/bbstub_peripheral_aresetn[0]                                                                                                                                                                                                                                    |                7 |             21 |         3.00 |
|  u_zynq_soc/processing_system7_0/inst/FCLK_CLK0 | u_cpu/MEM_WB_Reg/Q_reg[13]_13[0]                                                                                                                                                                                                                               | u_cpu/u_D_Cache/bbstub_peripheral_aresetn[0]                                                                                                                                                                                                                                    |               11 |             32 |         2.91 |
|  u_zynq_soc/processing_system7_0/inst/FCLK_CLK0 | u_cpu/MEM_WB_Reg/Q_reg[13]_24[0]                                                                                                                                                                                                                               | u_cpu/u_D_Cache/bbstub_peripheral_aresetn[0]                                                                                                                                                                                                                                    |               20 |             32 |         1.60 |
|  u_zynq_soc/processing_system7_0/inst/FCLK_CLK0 | u_cpu/MEM_WB_Reg/Q_reg[13]_5[0]                                                                                                                                                                                                                                | u_cpu/u_D_Cache/bbstub_peripheral_aresetn[0]                                                                                                                                                                                                                                    |               12 |             32 |         2.67 |
|  u_zynq_soc/processing_system7_0/inst/FCLK_CLK0 | u_cpu/MEM_WB_Reg/Q_reg[13]_19[0]                                                                                                                                                                                                                               | u_cpu/u_D_Cache/bbstub_peripheral_aresetn[0]                                                                                                                                                                                                                                    |               12 |             32 |         2.67 |
|  u_zynq_soc/processing_system7_0/inst/FCLK_CLK0 | u_cpu/MEM_WB_Reg/Q_reg[13]_6[0]                                                                                                                                                                                                                                | u_cpu/u_D_Cache/bbstub_peripheral_aresetn[0]                                                                                                                                                                                                                                    |               16 |             32 |         2.00 |
|  u_zynq_soc/processing_system7_0/inst/FCLK_CLK0 | u_cpu/ID_EX_Reg/E[0]                                                                                                                                                                                                                                           | u_cpu/u_D_Cache/bbstub_peripheral_aresetn[0]                                                                                                                                                                                                                                    |               13 |             32 |         2.46 |
|  u_zynq_soc/processing_system7_0/inst/FCLK_CLK0 | u_cpu/ID_EX_Reg/use_buffer_reg[0]                                                                                                                                                                                                                              | u_cpu/u_D_Cache/bbstub_peripheral_aresetn[0]                                                                                                                                                                                                                                    |               32 |             32 |         1.00 |
|  u_zynq_soc/processing_system7_0/inst/FCLK_CLK0 | u_cpu/MEM_WB_Reg/E[0]                                                                                                                                                                                                                                          | u_cpu/u_D_Cache/bbstub_peripheral_aresetn[0]                                                                                                                                                                                                                                    |               23 |             32 |         1.39 |
|  u_zynq_soc/processing_system7_0/inst/FCLK_CLK0 | u_cpu/MEM_WB_Reg/Q_reg[13]_1[0]                                                                                                                                                                                                                                | u_cpu/u_D_Cache/bbstub_peripheral_aresetn[0]                                                                                                                                                                                                                                    |               12 |             32 |         2.67 |
|  u_zynq_soc/processing_system7_0/inst/FCLK_CLK0 | u_cpu/MEM_WB_Reg/Q_reg[13]_4[0]                                                                                                                                                                                                                                | u_cpu/u_D_Cache/bbstub_peripheral_aresetn[0]                                                                                                                                                                                                                                    |               12 |             32 |         2.67 |
|  u_zynq_soc/processing_system7_0/inst/FCLK_CLK0 | u_cpu/MEM_WB_Reg/Q_reg[13]_22[0]                                                                                                                                                                                                                               | u_cpu/u_D_Cache/bbstub_peripheral_aresetn[0]                                                                                                                                                                                                                                    |               20 |             32 |         1.60 |
|  u_zynq_soc/processing_system7_0/inst/FCLK_CLK0 | u_cpu/MEM_WB_Reg/Q_reg[13]_8[0]                                                                                                                                                                                                                                | u_cpu/u_D_Cache/bbstub_peripheral_aresetn[0]                                                                                                                                                                                                                                    |               18 |             32 |         1.78 |
|  u_zynq_soc/processing_system7_0/inst/FCLK_CLK0 | u_cpu/MEM_WB_Reg/Q_reg[13]_12[0]                                                                                                                                                                                                                               | u_cpu/u_D_Cache/bbstub_peripheral_aresetn[0]                                                                                                                                                                                                                                    |               15 |             32 |         2.13 |
|  u_zynq_soc/processing_system7_0/inst/FCLK_CLK0 | u_cpu/MEM_WB_Reg/Q_reg[13]_15[0]                                                                                                                                                                                                                               | u_cpu/u_D_Cache/bbstub_peripheral_aresetn[0]                                                                                                                                                                                                                                    |               15 |             32 |         2.13 |
|  u_zynq_soc/processing_system7_0/inst/FCLK_CLK0 | u_cpu/MEM_WB_Reg/Q_reg[13]_17[0]                                                                                                                                                                                                                               | u_cpu/u_D_Cache/bbstub_peripheral_aresetn[0]                                                                                                                                                                                                                                    |               12 |             32 |         2.67 |
|  u_zynq_soc/processing_system7_0/inst/FCLK_CLK0 | u_cpu/MEM_WB_Reg/Q_reg[13]_21[0]                                                                                                                                                                                                                               | u_cpu/u_D_Cache/bbstub_peripheral_aresetn[0]                                                                                                                                                                                                                                    |               21 |             32 |         1.52 |
|  u_zynq_soc/processing_system7_0/inst/FCLK_CLK0 | u_cpu/MEM_WB_Reg/Q_reg[13]_7[0]                                                                                                                                                                                                                                | u_cpu/u_D_Cache/bbstub_peripheral_aresetn[0]                                                                                                                                                                                                                                    |               20 |             32 |         1.60 |
|  u_zynq_soc/processing_system7_0/inst/FCLK_CLK0 | u_cpu/MEM_WB_Reg/Q_reg[13]_25[0]                                                                                                                                                                                                                               | u_cpu/u_D_Cache/bbstub_peripheral_aresetn[0]                                                                                                                                                                                                                                    |               12 |             32 |         2.67 |
|  u_zynq_soc/processing_system7_0/inst/FCLK_CLK0 | u_cpu/MEM_WB_Reg/Q_reg[13]_28[0]                                                                                                                                                                                                                               | u_cpu/u_D_Cache/bbstub_peripheral_aresetn[0]                                                                                                                                                                                                                                    |               12 |             32 |         2.67 |
|  u_zynq_soc/processing_system7_0/inst/FCLK_CLK0 | u_cpu/MEM_WB_Reg/Q_reg[13]_3[0]                                                                                                                                                                                                                                | u_cpu/u_D_Cache/bbstub_peripheral_aresetn[0]                                                                                                                                                                                                                                    |               15 |             32 |         2.13 |
|  u_zynq_soc/processing_system7_0/inst/FCLK_CLK0 | u_cpu/MEM_WB_Reg/Q_reg[13]_26[0]                                                                                                                                                                                                                               | u_cpu/u_D_Cache/bbstub_peripheral_aresetn[0]                                                                                                                                                                                                                                    |               10 |             32 |         3.20 |
|  u_zynq_soc/processing_system7_0/inst/FCLK_CLK0 | u_cpu/MEM_WB_Reg/Q_reg[13]_18[0]                                                                                                                                                                                                                               | u_cpu/u_D_Cache/bbstub_peripheral_aresetn[0]                                                                                                                                                                                                                                    |               16 |             32 |         2.00 |
|  u_zynq_soc/processing_system7_0/inst/FCLK_CLK0 | u_cpu/MEM_WB_Reg/Q_reg[13]_23[0]                                                                                                                                                                                                                               | u_cpu/u_D_Cache/bbstub_peripheral_aresetn[0]                                                                                                                                                                                                                                    |               21 |             32 |         1.52 |
|  u_zynq_soc/processing_system7_0/inst/FCLK_CLK0 | u_cpu/MEM_WB_Reg/Q_reg[13]_9[0]                                                                                                                                                                                                                                | u_cpu/u_D_Cache/bbstub_peripheral_aresetn[0]                                                                                                                                                                                                                                    |               16 |             32 |         2.00 |
|  u_zynq_soc/processing_system7_0/inst/FCLK_CLK0 | u_cpu/MEM_WB_Reg/Q_reg[13]_14[0]                                                                                                                                                                                                                               | u_cpu/u_D_Cache/bbstub_peripheral_aresetn[0]                                                                                                                                                                                                                                    |               15 |             32 |         2.13 |
|  u_zynq_soc/processing_system7_0/inst/FCLK_CLK0 | u_cpu/MEM_WB_Reg/Q_reg[13]_20[0]                                                                                                                                                                                                                               | u_cpu/u_D_Cache/bbstub_peripheral_aresetn[0]                                                                                                                                                                                                                                    |               15 |             32 |         2.13 |
|  u_zynq_soc/processing_system7_0/inst/FCLK_CLK0 | u_cpu/MEM_WB_Reg/Q_reg[13]_29[0]                                                                                                                                                                                                                               | u_cpu/u_D_Cache/bbstub_peripheral_aresetn[0]                                                                                                                                                                                                                                    |               10 |             32 |         3.20 |
|  u_zynq_soc/processing_system7_0/inst/FCLK_CLK0 | u_cpu/MEM_WB_Reg/Q_reg[13]_0[0]                                                                                                                                                                                                                                | u_cpu/u_D_Cache/bbstub_peripheral_aresetn[0]                                                                                                                                                                                                                                    |               21 |             32 |         1.52 |
|  u_zynq_soc/processing_system7_0/inst/FCLK_CLK0 | u_cpu/MEM_WB_Reg/Q_reg[13]_2[0]                                                                                                                                                                                                                                | u_cpu/u_D_Cache/bbstub_peripheral_aresetn[0]                                                                                                                                                                                                                                    |               14 |             32 |         2.29 |
|  u_zynq_soc/processing_system7_0/inst/FCLK_CLK0 | u_cpu/MEM_WB_Reg/Q_reg[13]_27[0]                                                                                                                                                                                                                               | u_cpu/u_D_Cache/bbstub_peripheral_aresetn[0]                                                                                                                                                                                                                                    |               12 |             32 |         2.67 |
|  u_zynq_soc/processing_system7_0/inst/FCLK_CLK0 | u_cpu/MEM_WB_Reg/Q_reg[13]_10[0]                                                                                                                                                                                                                               | u_cpu/u_D_Cache/bbstub_peripheral_aresetn[0]                                                                                                                                                                                                                                    |               16 |             32 |         2.00 |
|  u_zynq_soc/processing_system7_0/inst/FCLK_CLK0 | u_cpu/MEM_WB_Reg/Q_reg[13]_11[0]                                                                                                                                                                                                                               | u_cpu/u_D_Cache/bbstub_peripheral_aresetn[0]                                                                                                                                                                                                                                    |                9 |             32 |         3.56 |
|  u_zynq_soc/processing_system7_0/inst/FCLK_CLK0 | u_cpu/MEM_WB_Reg/Q_reg[13]_16[0]                                                                                                                                                                                                                               | u_cpu/u_D_Cache/bbstub_peripheral_aresetn[0]                                                                                                                                                                                                                                    |               12 |             32 |         2.67 |
|  u_zynq_soc/processing_system7_0/inst/FCLK_CLK0 | u_zynq_soc/axi_interconnect_0/s00_couplers/auto_pc/inst/gen_axi4_axi3.axi3_conv_inst/USE_READ.USE_SPLIT_R.read_addr_inst/E[0]                                                                                                                                  | u_zynq_soc/axi_interconnect_0/s00_couplers/auto_pc/inst/gen_axi4_axi3.axi3_conv_inst/USE_WRITE.write_addr_inst/USE_BURSTS.cmd_queue/inst/SR[0]                                                                                                                                  |               10 |             35 |         3.50 |
|  u_zynq_soc/processing_system7_0/inst/FCLK_CLK0 | u_zynq_soc/axi_interconnect_0/s00_couplers/auto_pc/inst/gen_axi4_axi3.axi3_conv_inst/USE_WRITE.write_addr_inst/E[0]                                                                                                                                            | u_zynq_soc/axi_interconnect_0/s00_couplers/auto_pc/inst/gen_axi4_axi3.axi3_conv_inst/USE_WRITE.write_addr_inst/USE_BURSTS.cmd_queue/inst/SR[0]                                                                                                                                  |               11 |             35 |         3.18 |
|  u_zynq_soc/processing_system7_0/inst/FCLK_CLK0 |                                                                                                                                                                                                                                                                |                                                                                                                                                                                                                                                                                 |               13 |             37 |         2.85 |
|  u_zynq_soc/processing_system7_0/inst/FCLK_CLK0 | u_cpu/u_I_Cache/PC_Write0                                                                                                                                                                                                                                      | u_cpu/u_D_Cache/bbstub_peripheral_aresetn[0]                                                                                                                                                                                                                                    |               15 |             58 |         3.87 |
|  u_zynq_soc/processing_system7_0/inst/FCLK_CLK0 | u_cpu/u_I_Cache/buffer_data0                                                                                                                                                                                                                                   | u_cpu/u_D_Cache/bbstub_peripheral_aresetn[0]                                                                                                                                                                                                                                    |               86 |            128 |         1.49 |
|  u_zynq_soc/processing_system7_0/inst/FCLK_CLK0 | u_cpu/u_D_Cache/shift_data[127]_i_1_n_0                                                                                                                                                                                                                        | u_cpu/u_D_Cache/bbstub_peripheral_aresetn[0]                                                                                                                                                                                                                                    |               84 |            128 |         1.52 |
|  u_zynq_soc/processing_system7_0/inst/FCLK_CLK0 | u_cpu/u_D_Cache/buffer_data0                                                                                                                                                                                                                                   | u_cpu/u_D_Cache/bbstub_peripheral_aresetn[0]                                                                                                                                                                                                                                    |               88 |            128 |         1.45 |
|  u_zynq_soc/processing_system7_0/inst/FCLK_CLK0 | u_cpu/ID_EX_Reg/Q[176]_i_1_n_0                                                                                                                                                                                                                                 | u_cpu/u_D_Cache/bbstub_peripheral_aresetn[0]                                                                                                                                                                                                                                    |               69 |            168 |         2.43 |
|  u_zynq_soc/processing_system7_0/inst/FCLK_CLK0 | u_cpu/u_D_Cache/FSM_sequential_state_reg[0]_6[0]                                                                                                                                                                                                               | u_cpu/u_D_Cache/bbstub_peripheral_aresetn[0]                                                                                                                                                                                                                                    |              100 |            225 |         2.25 |
|  u_zynq_soc/processing_system7_0/inst/FCLK_CLK0 |                                                                                                                                                                                                                                                                | u_cpu/u_D_Cache/bbstub_peripheral_aresetn[0]                                                                                                                                                                                                                                    |              804 |           3091 |         3.84 |
+-------------------------------------------------+----------------------------------------------------------------------------------------------------------------------------------------------------------------------------------------------------------------------------------------------------------------+---------------------------------------------------------------------------------------------------------------------------------------------------------------------------------------------------------------------------------------------------------------------------------+------------------+----------------+--------------+


