INFO: [VRFC 10-2263] Analyzing Verilog file "C:/Users/11545/Desktop/Zynq CPU/Single_Period_CPU/Single_Period_CPU.srcs/sources_1/new/ALU.v" into library xil_defaultlib
INFO: [VRFC 10-311] analyzing module ALU
INFO: [VRFC 10-2263] Analyzing Verilog file "C:/Users/11545/Desktop/Zynq CPU/Single_Period_CPU/Single_Period_CPU.srcs/sources_1/new/Branch_Comp.v" into library xil_defaultlib
INFO: [VRFC 10-311] analyzing module Branch_Comp
INFO: [VRFC 10-2263] Analyzing Verilog file "C:/Users/11545/Desktop/Zynq CPU/Single_Period_CPU/Single_Period_CPU.srcs/sources_1/new/Control_Logic.v" into library xil_defaultlib
INFO: [VRFC 10-311] analyzing module Control_Logic
INFO: [VRFC 10-2263] Analyzing Verilog file "C:/Users/11545/Desktop/Zynq CPU/Single_Period_CPU/Single_Period_CPU.srcs/sources_1/new/DMEM.v" into library xil_defaultlib
INFO: [VRFC 10-311] analyzing module DMEM
INFO: [VRFC 10-2263] Analyzing Verilog file "C:/Users/11545/Desktop/Zynq CPU/Single_Period_CPU/Single_Period_CPU.srcs/sources_1/new/Imm_gen.v" into library xil_defaultlib
INFO: [VRFC 10-311] analyzing module Imm_gen
INFO: [VRFC 10-2263] Analyzing Verilog file "C:/Users/11545/Desktop/Zynq CPU/Single_Period_CPU/Single_Period_CPU.srcs/sources_1/new/RegFile.v" into library xil_defaultlib
INFO: [VRFC 10-311] analyzing module RegFile
INFO: [VRFC 10-2263] Analyzing Verilog file "C:/Users/11545/Desktop/Zynq CPU/Single_Period_CPU/Single_Period_CPU.srcs/sources_1/new/Register.v" into library xil_defaultlib
INFO: [VRFC 10-311] analyzing module Register
INFO: [VRFC 10-2263] Analyzing Verilog file "C:/Users/11545/Desktop/Zynq CPU/Single_Period_CPU/Single_Period_CPU.srcs/sources_1/new/Single_Period_CPU.v" into library xil_defaultlib
INFO: [VRFC 10-311] analyzing module Single_Period_CPU
INFO: [VRFC 10-2263] Analyzing Verilog file "C:/Users/11545/Desktop/Zynq CPU/Single_Period_CPU/Single_Period_CPU.srcs/sources_1/new/partial_load.v" into library xil_defaultlib
INFO: [VRFC 10-311] analyzing module partial_load
INFO: [VRFC 10-2263] Analyzing Verilog file "C:/Users/11545/Desktop/Zynq CPU/Single_Period_CPU/Single_Period_CPU.srcs/sources_1/new/partial_store.v" into library xil_defaultlib
INFO: [VRFC 10-311] analyzing module partial_store
INFO: [VRFC 10-2263] Analyzing Verilog file "C:/Users/11545/Desktop/Zynq CPU/Single_Period_CPU/Single_Period_CPU.srcs/sim_1/new/tb_single_cycle_cpu.v" into library xil_defaultlib
INFO: [VRFC 10-311] analyzing module tb_single_cycle_cpu
