Vivado Simulator v2024.1
Copyright 1986-2022 Xilinx, Inc. All Rights Reserved.
Copyright 2022-2024 Advanced Micro Devices, Inc. All Rights Reserved.
Running: C:/Xilinx/Vivado/2024.1/bin/unwrapped/win64.o/xelab.exe --incr --debug typical --relax --mt 2 -L xil_defaultlib -L unisims_ver -L unimacro_ver -L secureip -L xpm --snapshot tb_single_cycle_cpu_behav xil_defaultlib.tb_single_cycle_cpu xil_defaultlib.glbl -log elaborate.log 
Using 2 slave threads.
Starting static elaboration
Pass Through NonSizing Optimizer
Completed static elaboration
Starting simulation data flow analysis
Completed simulation data flow analysis
Time Resolution for simulation is 1ps
Compiling module xil_defaultlib.Control_Logic
Compiling module xil_defaultlib.Register
Compiling module xil_defaultlib.RegFile
Compiling module xil_defaultlib.Imm_gen
Compiling module xil_defaultlib.Branch_Comp
Compiling module xil_defaultlib.ALU
Compiling module xil_defaultlib.DMEM
Compiling module xil_defaultlib.partial_load
Compiling module xil_defaultlib.partial_store
Compiling module xil_defaultlib.Single_Period_CPU
Compiling module xil_defaultlib.tb_single_cycle_cpu
Compiling module xil_defaultlib.glbl
Built simulation snapshot tb_single_cycle_cpu_behav
