Time resolution is 1 ps
Time:15000 | PC:4 | x1:1000 | x2:0 | x3:0 | x4:0 | x5:0 | x6:0 | x7:0 | x8:0
Time:25000 | PC:8 | x1:1000 | x2:10 | x3:0 | x4:0 | x5:0 | x6:0 | x7:0 | x8:0
Time:35000 | PC:12 | x1:1000 | x2:10 | x3:100a | x4:0 | x5:0 | x6:0 | x7:0 | x8:0
Time:45000 | PC:16 | x1:1000 | x2:10 | x3:100a | x4:0 | x5:0 | x6:0 | x7:0 | x8:0
Time:55000 | PC:20 | x1:1000 | x2:10 | x3:100a | x4:100a | x5:0 | x6:0 | x7:0 | x8:0
Time:65000 | PC:24 | x1:1000 | x2:10 | x3:100a | x4:100a | x5:0 | x6:0 | x7:0 | x8:0
Time:75000 | PC:28 | x1:1000 | x2:10 | x3:100a | x4:100a | x5:5 | x6:0 | x7:0 | x8:0
Time:85000 | PC:36 | x1:1000 | x2:10 | x3:100a | x4:100a | x5:5 | x6:32 | x7:0 | x8:0
Time:95000 | PC:40 | x1:1000 | x2:10 | x3:100a | x4:100a | x5:5 | x6:32 | x7:2024 | x8:0
Time:105000 | PC:48 | x1:1000 | x2:10 | x3:100a | x4:100a | x5:5 | x6:32 | x7:2024 | x8:0
Time:115000 | PC:52 | x1:1000 | x2:10 | x3:100a | x4:100a | x5:5 | x6:32 | x7:2024 | x8:20
Time:125000 | PC:56 | x1:1000 | x2:10 | x3:100a | x4:100a | x5:5 | x6:32 | x7:2024 | x8:20
Time:135000 | PC:60 | x1:1000 | x2:10 | x3:100a | x4:100a | x5:5 | x6:32 | x7:2024 | x8:20
Time:145000 | PC:64 | x1:1000 | x2:10 | x3:100a | x4:100a | x5:5 | x6:32 | x7:2024 | x8:20
Time:155000 | PC:68 | x1:1000 | x2:10 | x3:100a | x4:100a | x5:5 | x6:32 | x7:2024 | x8:20
Time:165000 | PC:72 | x1:1000 | x2:10 | x3:100a | x4:100a | x5:5 | x6:32 | x7:2024 | x8:20
Time:175000 | PC:76 | x1:1000 | x2:10 | x3:100a | x4:100a | x5:5 | x6:32 | x7:2024 | x8:20
Time:185000 | PC:80 | x1:1000 | x2:10 | x3:100a | x4:100a | x5:5 | x6:32 | x7:2024 | x8:20
========================================
Simulation Finished Successfully!
========================================
$finish called at time : 192 ns : File "C:/Users/11545/Desktop/Zynq CPU/Single_Period_CPU/Single_Period_CPU.srcs/sim_1/new/tb_single_cycle_cpu.v" Line 91
