INFO: [VRFC 10-2263] Analyzing Verilog file "C:/Users/11545/Desktop/Zynq CPU/Pipelined_CPU_With_Cache/Pipelined_CPU_With_Cache.gen/sources_1/ip/Tag_Array/sim/Tag_Array.v" into library xil_defaultlib
INFO: [VRFC 10-311] analyzing module Tag_Array
INFO: [VRFC 10-2263] Analyzing Verilog file "C:/Users/11545/Desktop/Zynq CPU/Pipelined_CPU_With_Cache/Pipelined_CPU_With_Cache.gen/sources_1/ip/Data_Array/sim/Data_Array.v" into library xil_defaultlib
INFO: [VRFC 10-311] analyzing module Data_Array
INFO: [VRFC 10-2263] Analyzing Verilog file "C:/Users/11545/Desktop/Zynq CPU/Pipelined_CPU_With_Cache/Pipelined_CPU_With_Cache.gen/sources_1/ip/I_Tag_Array/sim/I_Tag_Array.v" into library xil_defaultlib
INFO: [VRFC 10-311] analyzing module I_Tag_Array
INFO: [VRFC 10-2263] Analyzing Verilog file "C:/Users/11545/Desktop/Zynq CPU/Pipelined_CPU_With_Cache/Pipelined_CPU_With_Cache.srcs/sources_1/new/ALU.v" into library xil_defaultlib
INFO: [VRFC 10-311] analyzing module ALU
INFO: [VRFC 10-2263] Analyzing Verilog file "C:/Users/11545/Desktop/Zynq CPU/Pipelined_CPU_With_Cache/Pipelined_CPU_With_Cache.srcs/sources_1/new/AXI_Arbiter.v" into library xil_defaultlib
INFO: [VRFC 10-311] analyzing module AXI_Arbiter
INFO: [VRFC 10-2263] Analyzing Verilog file "C:/Users/11545/Desktop/Zynq CPU/Pipelined_CPU_With_Cache/Pipelined_CPU_With_Cache.srcs/sources_1/new/Branch_Comp.v" into library xil_defaultlib
INFO: [VRFC 10-311] analyzing module Branch_Comp
INFO: [VRFC 10-2263] Analyzing Verilog file "C:/Users/11545/Desktop/Zynq CPU/Pipelined_CPU_With_Cache/Pipelined_CPU_With_Cache.srcs/sources_1/new/Branch_Taken_Delay.v" into library xil_defaultlib
INFO: [VRFC 10-311] analyzing module Branch_Taken_Delay
INFO: [VRFC 10-2263] Analyzing Verilog file "C:/Users/11545/Desktop/Zynq CPU/Pipelined_CPU_With_Cache/Pipelined_CPU_With_Cache.srcs/sources_1/new/Control_Logic.v" into library xil_defaultlib
INFO: [VRFC 10-311] analyzing module Control_Logic
INFO: [VRFC 10-2263] Analyzing Verilog file "C:/Users/11545/Desktop/Zynq CPU/Pipelined_CPU_With_Cache/Pipelined_CPU_With_Cache.srcs/sources_1/new/D_Cache.v" into library xil_defaultlib
INFO: [VRFC 10-311] analyzing module D_Cache
INFO: [VRFC 10-2263] Analyzing Verilog file "C:/Users/11545/Desktop/Zynq CPU/Pipelined_CPU_With_Cache/Pipelined_CPU_With_Cache.srcs/sources_1/new/Forwarding_Unit.v" into library xil_defaultlib
INFO: [VRFC 10-311] analyzing module Forwarding_Unit
INFO: [VRFC 10-2263] Analyzing Verilog file "C:/Users/11545/Desktop/Zynq CPU/Pipelined_CPU_With_Cache/Pipelined_CPU_With_Cache.srcs/sources_1/new/Hazard_Detection_Unit.v" into library xil_defaultlib
INFO: [VRFC 10-311] analyzing module Hazard_Detection_Unit
INFO: [VRFC 10-2263] Analyzing Verilog file "C:/Users/11545/Desktop/Zynq CPU/Pipelined_CPU_With_Cache/Pipelined_CPU_With_Cache.srcs/sources_1/new/I_Cache.v" into library xil_defaultlib
INFO: [VRFC 10-311] analyzing module I_Cache
INFO: [VRFC 10-2263] Analyzing Verilog file "C:/Users/11545/Desktop/Zynq CPU/Pipelined_CPU_With_Cache/Pipelined_CPU_With_Cache.srcs/sources_1/new/Imm_gen.v" into library xil_defaultlib
INFO: [VRFC 10-311] analyzing module Imm_gen
INFO: [VRFC 10-2263] Analyzing Verilog file "C:/Users/11545/Desktop/Zynq CPU/Pipelined_CPU_With_Cache/Pipelined_CPU_With_Cache.srcs/sources_1/new/Instruction_Buffer.v" into library xil_defaultlib
INFO: [VRFC 10-311] analyzing module Instruction_Buffer
INFO: [VRFC 10-2263] Analyzing Verilog file "C:/Users/11545/Desktop/Zynq CPU/Pipelined_CPU_With_Cache/Pipelined_CPU_With_Cache.srcs/sources_1/new/PC.v" into library xil_defaultlib
INFO: [VRFC 10-311] analyzing module PC
INFO: [VRFC 10-2263] Analyzing Verilog file "C:/Users/11545/Desktop/Zynq CPU/Pipelined_CPU_With_Cache/Pipelined_CPU_With_Cache.srcs/sources_1/new/Pipe_Reg.v" into library xil_defaultlib
INFO: [VRFC 10-311] analyzing module Pipe_Reg
INFO: [VRFC 10-2263] Analyzing Verilog file "C:/Users/11545/Desktop/Zynq CPU/Pipelined_CPU_With_Cache/Pipelined_CPU_With_Cache.srcs/sources_1/new/RegFile.v" into library xil_defaultlib
INFO: [VRFC 10-311] analyzing module RegFile
INFO: [VRFC 10-2263] Analyzing Verilog file "C:/Users/11545/Desktop/Zynq CPU/Pipelined_CPU_With_Cache/Pipelined_CPU_With_Cache.srcs/sources_1/new/Register.v" into library xil_defaultlib
INFO: [VRFC 10-311] analyzing module Register
INFO: [VRFC 10-2263] Analyzing Verilog file "C:/Users/11545/Desktop/Zynq CPU/Pipelined_CPU_With_Cache/Pipelined_CPU_With_Cache.srcs/sources_1/new/Single_Period_CPU.v" into library xil_defaultlib
INFO: [VRFC 10-311] analyzing module Pipelined_CPU
INFO: [VRFC 10-2263] Analyzing Verilog file "C:/Users/11545/Desktop/Zynq CPU/Pipelined_CPU_With_Cache/Pipelined_CPU_With_Cache.srcs/sim_1/new/axi_mem_model.v" into library xil_defaultlib
INFO: [VRFC 10-311] analyzing module axi_mem_model
INFO: [VRFC 10-2263] Analyzing Verilog file "C:/Users/11545/Desktop/Zynq CPU/Pipelined_CPU_With_Cache/Pipelined_CPU_With_Cache.srcs/sources_1/new/partial_load.v" into library xil_defaultlib
INFO: [VRFC 10-311] analyzing module partial_load
INFO: [VRFC 10-2263] Analyzing Verilog file "C:/Users/11545/Desktop/Zynq CPU/Pipelined_CPU_With_Cache/Pipelined_CPU_With_Cache.srcs/sources_1/new/partial_store.v" into library xil_defaultlib
INFO: [VRFC 10-311] analyzing module partial_store
INFO: [VRFC 10-2263] Analyzing Verilog file "C:/Users/11545/Desktop/Zynq CPU/Pipelined_CPU_With_Cache/Pipelined_CPU_With_Cache.srcs/sim_1/new/tb_cpu_with_cache.v" into library xil_defaultlib
INFO: [VRFC 10-311] analyzing module tb_cpu_with_cache
