Vivado Simulator v2024.1
Copyright 1986-2022 Xilinx, Inc. All Rights Reserved.
Copyright 2022-2024 Advanced Micro Devices, Inc. All Rights Reserved.
Running: C:/Xilinx/Vivado/2024.1/bin/unwrapped/win64.o/xelab.exe --incr --debug typical --relax --mt 2 -L xil_defaultlib -L blk_mem_gen_v8_4_8 -L unisims_ver -L unimacro_ver -L secureip -L xpm --snapshot tb_Pipelined_CPU_behav xil_defaultlib.tb_Pipelined_CPU xil_defaultlib.glbl -log elaborate.log 
Using 2 slave threads.
Starting static elaboration
Pass Through NonSizing Optimizer
WARNING: [VRFC 10-3091] actual bit length 30 differs from formal bit length 14 for port 'addra' [C:/Users/11545/Desktop/Zynq CPU/Pipelined_CPU_With_Cache/Pipelined_CPU_With_Cache.srcs/sources_1/new/IMEM.v:34]
WARNING: [VRFC 10-3091] actual bit length 30 differs from formal bit length 14 for port 'addra' [C:/Users/11545/Desktop/Zynq CPU/Pipelined_CPU_With_Cache/Pipelined_CPU_With_Cache.srcs/sources_1/new/DMEM.v:38]
WARNING: [VRFC 10-3091] actual bit length 30 differs from formal bit length 14 for port 'addrb' [C:/Users/11545/Desktop/Zynq CPU/Pipelined_CPU_With_Cache/Pipelined_CPU_With_Cache.srcs/sources_1/new/DMEM.v:41]
WARNING: [VRFC 10-5021] port 'ENB' is not connected on this instance [C:/Users/11545/Desktop/Zynq CPU/Pipelined_CPU_With_Cache/Pipelined_CPU_With_Cache.srcs/sources_1/new/Single_Period_CPU.v:239]
Completed static elaboration
Starting simulation data flow analysis
Completed simulation data flow analysis
Time Resolution for simulation is 1ps
Compiling module xil_defaultlib.Register
Compiling module xil_defaultlib.PC
Compiling module blk_mem_gen_v8_4_8.blk_mem_gen_v8_4_8_output_stage(...
Compiling module blk_mem_gen_v8_4_8.blk_mem_gen_v8_4_8_softecc_outpu...
Compiling module blk_mem_gen_v8_4_8.blk_mem_gen_v8_4_8_mem_module(C_...
Compiling module blk_mem_gen_v8_4_8.blk_mem_gen_v8_4_8(C_FAMILY="zyn...
Compiling module xil_defaultlib.ROM
Compiling module xil_defaultlib.IMEM
Compiling module xil_defaultlib.Control_Logic
Compiling module xil_defaultlib.RegFile
Compiling module xil_defaultlib.Hazard_Detection_Unit
Compiling module xil_defaultlib.Imm_gen
Compiling module xil_defaultlib.Branch_Comp
Compiling module xil_defaultlib.Branch_Taken_Delay
Compiling module xil_defaultlib.Forwarding_Unit
Compiling module xil_defaultlib.ALU
Compiling module blk_mem_gen_v8_4_8.blk_mem_gen_v8_4_8_mem_module(C_...
Compiling module blk_mem_gen_v8_4_8.blk_mem_gen_v8_4_8(C_FAMILY="zyn...
Compiling module xil_defaultlib.Memory
Compiling module xil_defaultlib.DMEM
Compiling module xil_defaultlib.partial_store
Compiling module xil_defaultlib.partial_load
Compiling module xil_defaultlib.Pipe_Reg
Compiling module xil_defaultlib.Pipe_Reg(WIDTH=177)
Compiling module xil_defaultlib.Pipe_Reg(WIDTH=145)
Compiling module xil_defaultlib.Pipe_Reg(WIDTH=113)
Compiling module xil_defaultlib.Pipelined_CPU
Compiling module xil_defaultlib.tb_Pipelined_CPU
Compiling module xil_defaultlib.glbl
Built simulation snapshot tb_Pipelined_CPU_behav
